// Jest Snapshot v1, https://goo.gl/fbAQLP

exports[`index(Profile) Component Renders Snapshot testing 1`] = `ShallowWrapper {}`;
