// Jest Snapshot v1, https://goo.gl/fbAQLP

exports[`Profile Component Renders Snapshot testing 1`] = `ShallowWrapper {}`;
