// Jest Snapshot v1, https://goo.gl/fbAQLP

exports[`PostStatus Component Renders Snapshot testing 1`] = `ShallowWrapper {}`;
