// Jest Snapshot v1, https://goo.gl/fbAQLP

exports[`ViewStatus Component Renders Snapshot testing 1`] = `ShallowWrapper {}`;
