// Jest Snapshot v1, https://goo.gl/fbAQLP

exports[`Auth Reducer should return initial state 1`] = `
Object {
  "isAuthenticated": false,
  "loading": false,
  "user": Object {},
}
`;
