// Jest Snapshot v1, https://goo.gl/fbAQLP

exports[`Error Reducer should return initial state 1`] = `Object {}`;
