// Jest Snapshot v1, https://goo.gl/fbAQLP

exports[`ContactCard Component Renders Snapshot testing 1`] = `ShallowWrapper {}`;
