// Jest Snapshot v1, https://goo.gl/fbAQLP

exports[`ContactList Component Renders Snapshot testing 1`] = `ShallowWrapper {}`;
