// Jest Snapshot v1, https://goo.gl/fbAQLP

exports[`ContactSideBar Component Renders Snapshot testing 1`] = `ShallowWrapper {}`;
