// Jest Snapshot v1, https://goo.gl/fbAQLP

exports[`SearchBar Component Renders Snapshot testing 1`] = `ShallowWrapper {}`;
