// Jest Snapshot v1, https://goo.gl/fbAQLP

exports[`SuggestionList Component Renders Snapshot testing 1`] = `ShallowWrapper {}`;
