// Jest Snapshot v1, https://goo.gl/fbAQLP

exports[`Chat Component Renders Snapshot testing 1`] = `ShallowWrapper {}`;
