// Jest Snapshot v1, https://goo.gl/fbAQLP

exports[`Join Component Renders Snapshot testing 1`] = `ShallowWrapper {}`;
