// Jest Snapshot v1, https://goo.gl/fbAQLP

exports[`Message Component Renders Snapshot testing 1`] = `ShallowWrapper {}`;
