// Jest Snapshot v1, https://goo.gl/fbAQLP

exports[`Messages Component Renders Snapshot testing 1`] = `ShallowWrapper {}`;
