// Jest Snapshot v1, https://goo.gl/fbAQLP

exports[`Room Component Renders Snapshot testing 1`] = `ShallowWrapper {}`;
