// Jest Snapshot v1, https://goo.gl/fbAQLP

exports[`Row Component Renders Snapshot testing 1`] = `ShallowWrapper {}`;
