// Jest Snapshot v1, https://goo.gl/fbAQLP

exports[`VideoCall Component Renders Snapshot testing 1`] = `ShallowWrapper {}`;
