// Jest Snapshot v1, https://goo.gl/fbAQLP

exports[`Login Component Renders Snapshot testing 1`] = `ShallowWrapper {}`;
