// Jest Snapshot v1, https://goo.gl/fbAQLP

exports[`Reset Component Renders Snapshot testing 1`] = `ShallowWrapper {}`;
