// Jest Snapshot v1, https://goo.gl/fbAQLP

exports[`App Component Renders Snapshot testing 1`] = `ShallowWrapper {}`;
